01000000000000000000000000011110
01000010000000000000000000000000
11000000000000000000000000000011
11110000000000000000000000000000
